// Jest Snapshot v1, https://goo.gl/fbAQLP

exports[`Login Component should render properly 1`] = `
<div
  id="login"
>
  <div
    class="container"
  >
    <div
      class="row justify-content-center align-items-center"
      id="login-row"
    >
      <div
        class="col-md-6"
        id="login-column"
      >
        <div
          class="col-md-12"
          id="login-box"
        >
          <form
            action=""
            class="form"
            id="login-form"
            method="post"
          >
            <h3
              class="text-center text-info"
            >
              Login Form
            </h3>
            <div
              class="form-group"
            >
              <label
                class="text-info"
                for="firstname"
              >
                FirstName:
              </label>
              <br />
              <input
                class="form-control"
                name="firstname"
                onChange={[Function]}
                type="text"
                value=""
              />
            </div>
            <div
              class="form-group"
            >
              <label
                class="text-info"
                for="lastname"
              >
                LastName:
              </label>
              <br />
              <input
                class="form-control"
                name="lastname"
                onChange={[Function]}
                type="text"
                value=""
              />
            </div>
            <div
              class="form-group"
            >
              <label
                class="text-info"
                for="email"
              >
                Email:
              </label>
              <br />
              <input
                class="form-control"
                name="email"
                onChange={[Function]}
                type="text"
                value=""
              />
            </div>
            <div
              class="form-group"
            >
              <label
                class="text-info"
                for="password"
              >
                Password:
              </label>
              <br />
              <input
                class="form-control"
                name="password"
                onChange={[Function]}
                type="password"
                value=""
              />
            </div>
            <div
              class="form-group"
            >
              <button
                class="btn btn-info btn-md"
                name="submit"
                onClick={[Function]}
                type="submit"
              >
                Login
              </button>
            </div>
          </form>
        </div>
      </div>
    </div>
  </div>
</div>
`;
